     without optimizations:
       average   :      76252
         stdev   :       1609 /   2.11%
         median  :      75377 /   0.13%
       min / max :      75299 / 75339 / 75377 / 75793 / 79439
       mem-leaks :        363 KB (!!!! DETECTED !!!!)
     with optimizations:
       average   :      56091 / +26.44% / 1.36*
         stdev   :       1180 /   2.10%
         median  :      55216 /   0.24%
       min / max :      55126 / 55166 / 55216 / 57571 / 57862
       mem-leaks :       5322 KB (!!!! DETECTED !!!!)
