     without optimizations:
       average   :      13109
         stdev   :         14 /   0.11%
         median  :      13105 /   0.03%
       min / max :      13097 / 13103 / 13105 / 13108 / 13156
       mem-leaks :          0 KB
     with optimizations:
       average   :       5950 / +54.61% / 2.20*
         stdev   :          4 /   0.06%
         median  :       5949 /   0.02%
       min / max :       5948 / 5948 / 5949 / 5950 / 5963
       mem-leaks :          0 KB
