     without optimizations:
       average   :       1225
         stdev   :          1 /   0.10%
         median  :       1225 /   0.06%
       min / max :       1224 / 1225 / 1225 / 1226 / 1229
       mem-leaks :          0 KB
     with optimizations:
       average   :        382 / +68.85% / 3.21*
         stdev   :          0 /   0.06%
         median  :        382 /   0.06%
       min / max :        381 / 382 / 382 / 382 / 382
       mem-leaks :          0 KB
