     without optimizations:
       average   :      18940
         stdev   :         20 /   0.10%
         median  :      18934 /   0.04%
       min / max :      18922 / 18930 / 18934 / 18942 / 19001
       mem-leaks :          0 KB
     with optimizations:
       average   :       3904 / +79.39% / 4.85*
         stdev   :          4 /   0.09%
         median  :       3903 /   0.06%
       min / max :       3900 / 3902 / 3903 / 3905 / 3916
       mem-leaks :          0 KB
