     without optimizations:
       average   :       5445
         stdev   :         87 /   1.60%
         median  :       5403 /   0.16%
       min / max :       5396 / 5399 / 5403 / 5431 / 5688
       mem-leaks :        143 KB (!!!! DETECTED !!!!)
     with optimizations:
       average   :       4667 / +14.29% / 1.17*
         stdev   :         98 /   2.11%
         median  :       4633 /   0.12%
       min / max :       4626 / 4629 / 4633 / 4649 / 4992
       mem-leaks :        752 KB (!!!! DETECTED !!!!)
