     without optimizations:
       average   :      45512
         stdev   :         45 /   0.10%
         median  :      45501 /   0.08%
       min / max :      45460 / 45477 / 45501 / 45537 / 45636
       mem-leaks :          0 KB
     with optimizations:
       average   :      34577 / +24.03% / 1.32*
         stdev   :         36 /   0.10%
         median  :      34569 /   0.07%
       min / max :      34537 / 34555 / 34569 / 34588 / 34678
       mem-leaks :          0 KB
