     without optimizations:
       average   :     134408
         stdev   :        156 /   0.12%
         median  :     134376 /   0.06%
       min / max :     134250 / 134317 / 134376 / 134421 / 134879
       mem-leaks :          0 KB
     with optimizations:
       average   :      91413 / +31.99% / 1.47*
         stdev   :        107 /   0.12%
         median  :      91373 /   0.08%
       min / max :      91299 / 91348 / 91373 / 91453 / 91706
       mem-leaks :          0 KB
