     without optimizations:
       average   :       3928
         stdev   :          5 /   0.13%
         median  :       3927 /   0.10%
       min / max :       3922 / 3925 / 3927 / 3933 / 3940
       mem-leaks :          0 KB
     with optimizations:
       average   :        661 / +83.17% / 5.94*
         stdev   :          0 /   0.05%
         median  :        661 /   0.01%
       min / max :        661 / 661 / 661 / 661 / 662
       mem-leaks :          0 KB
