     without optimizations:
       average   :       7094
         stdev   :          4 /   0.06%
         median  :       7094 /   0.04%
       min / max :       7090 / 7092 / 7094 / 7095 / 7104
       mem-leaks :          0 KB
     with optimizations:
       average   :       3516 / +50.44% / 2.02*
         stdev   :          4 /   0.11%
         median  :       3515 /   0.04%
       min / max :       3512 / 3514 / 3515 / 3516 / 3527
       mem-leaks :          0 KB
