     without optimizations:
       average   :     152274
         stdev   :       2813 /   1.85%
         median  :     151314 /   2.21%
       min / max :     149027 / 149644 / 151314 / 154045 / 157273
       mem-leaks :          0 KB
     with optimizations:
       average   :     135744 / +10.86% / 1.12*
         stdev   :       4895 /   3.61%
         median  :     133376 /   1.45%
       min / max :     131623 / 133074 / 133376 / 134945 / 144698
       mem-leaks :          0 KB
