     without optimizations:
       average   :     365395
         stdev   :        862 /   0.24%
         median  :     365087 /   0.12%
       min / max :     364364 / 364837 / 365087 / 365465 / 367224
       mem-leaks :          0 KB
     with optimizations:
       average   :     237862 / +34.90% / 1.54*
         stdev   :        871 /   0.37%
         median  :     237466 /   0.08%
       min / max :     237306 / 237364 / 237466 / 237732 / 240290
       mem-leaks :          0 KB
