     without optimizations:
       average   :      55101
         stdev   :         34 /   0.06%
         median  :      55097 /   0.06%
       min / max :      55052 / 55074 / 55097 / 55116 / 55173
       mem-leaks :          0 KB
     with optimizations:
       average   :      33276 / +39.61% / 1.66*
         stdev   :         25 /   0.07%
         median  :      33274 /   0.09%
       min / max :      33240 / 33253 / 33274 / 33294 / 33319
       mem-leaks :          0 KB
