     without optimizations:
       average   :      25109
         stdev   :         84 /   0.33%
         median  :      25073 /   0.16%
       min / max :      25038 / 25052 / 25073 / 25140 / 25336
       mem-leaks :          0 KB
     with optimizations:
       average   :      19721 / +21.46% / 1.27*
         stdev   :         49 /   0.25%
         median  :      19708 /   0.16%
       min / max :      19669 / 19690 / 19708 / 19732 / 19840
       mem-leaks :          0 KB
