     without optimizations:
       average   :    1341586
         stdev   :       3986 /   0.30%
         median  :    1342484 /   0.33%
       min / max :    1334707 / 1338050 / 1342484 / 1343746 / 1348241
       mem-leaks :          0 KB
     with optimizations:
       average   :    1202211 / +10.39% / 1.12*
         stdev   :       9069 /   0.75%
         median  :    1200959 /   0.57%
       min / max :    1192792 / 1196555 / 1200959 / 1205853 / 1228204
       mem-leaks :          0 KB
