     without optimizations:
       average   :      32416
         stdev   :         66 /   0.20%
         median  :      32427 /   0.14%
       min / max :      32292 / 32397 / 32427 / 32457 / 32530
       mem-leaks :          0 KB
     with optimizations:
       average   :      22263 / +31.32% / 1.46*
         stdev   :         20 /   0.09%
         median  :      22260 /   0.07%
       min / max :      22239 / 22248 / 22260 / 22270 / 22318
       mem-leaks :          0 KB
