     without optimizations:
       average   :   80689880
         stdev   :   11747246 /  14.56%
         median  :   77490898 /  14.19%
       min / max :   62609096 / 72584941 / 77490898 / 88479653 / 104985160
       mem-leaks :          0 KB
     with optimizations:
       average   :   47993157 / +40.52% / 1.68*
         stdev   :    7451805 /  15.53%
         median  :   46195593 /  13.17%
       min / max :   38035190 / 42266420 / 46195593 / 51820032 / 63883863
       mem-leaks :          0 KB
