     without optimizations:
       average   :      36796
         stdev   :         27 /   0.07%
         median  :      36789 /   0.05%
       min / max :      36765 / 36779 / 36789 / 36806 / 36880
       mem-leaks :          0 KB
     with optimizations:
       average   :      22750 / +38.17% / 1.62*
         stdev   :         17 /   0.07%
         median  :      22745 /   0.07%
       min / max :      22730 / 22739 / 22745 / 22757 / 22799
       mem-leaks :          0 KB
