     without optimizations:
       average   :      28749
         stdev   :         23 /   0.08%
         median  :      28742 /   0.05%
       min / max :      28722 / 28734 / 28742 / 28754 / 28811
       mem-leaks :          0 KB
     with optimizations:
       average   :      19555 / +31.98% / 1.47*
         stdev   :         11 /   0.05%
         median  :      19554 /   0.06%
       min / max :      19539 / 19548 / 19554 / 19563 / 19577
       mem-leaks :          0 KB
