     without optimizations:
       average   :      42751
         stdev   :         24 /   0.06%
         median  :      42750 /   0.06%
       min / max :      42714 / 42734 / 42750 / 42769 / 42797
       mem-leaks :          0 KB
     with optimizations:
       average   :      33182 / +22.38% / 1.29*
         stdev   :         35 /   0.11%
         median  :      33174 /   0.07%
       min / max :      33143 / 33160 / 33174 / 33189 / 33279
       mem-leaks :          0 KB
