     without optimizations:
       average   :      25873
         stdev   :        155 /   0.60%
         median  :      25808 /   0.08%
       min / max :      25790 / 25799 / 25808 / 25868 / 26381
       mem-leaks :          0 KB
     with optimizations:
       average   :       5460 / +78.90% / 4.74*
         stdev   :        126 /   2.30%
         median  :       5422 /   0.07%
       min / max :       5416 / 5420 / 5422 / 5440 / 5947
       mem-leaks :          0 KB
