     without optimizations:
       average   :      31488
         stdev   :         23 /   0.07%
         median  :      31484 /   0.04%
       min / max :      31461 / 31475 / 31484 / 31493 / 31565
       mem-leaks :          0 KB
     with optimizations:
       average   :      27596 / +12.36% / 1.14*
         stdev   :         29 /   0.10%
         median  :      27590 /   0.07%
       min / max :      27568 / 27578 / 27590 / 27602 / 27687
       mem-leaks :          0 KB
