     without optimizations:
       average   :      77368
         stdev   :        376 /   0.49%
         median  :      77150 /   0.13%
       min / max :      77060 / 77099 / 77150 / 77597 / 78186
       mem-leaks :          0 KB
     with optimizations:
       average   :      43486 / +43.79% / 1.78*
         stdev   :        233 /   0.53%
         median  :      43376 /   0.10%
       min / max :      43336 / 43353 / 43376 / 43527 / 44160
       mem-leaks :          0 KB
