     without optimizations:
       average   :   14964449
         stdev   :     178977 /   1.20%
         median  :   14958214 /   1.33%
       min / max :   14620555 / 14822911 / 14958214 / 15083056 / 15284213
       mem-leaks :          0 KB
     with optimizations:
       average   :   14957662 / +0.05% / 1.00*
         stdev   :     182787 /   1.22%
         median  :   14949301 /   1.56%
       min / max :   14605299 / 14805058 / 14949301 / 15116872 / 15242992
       mem-leaks :          0 KB
