     without optimizations:
       average   :      36538
         stdev   :         81 /   0.22%
         median  :      36509 /   0.06%
       min / max :      36486 / 36497 / 36509 / 36535 / 36789
       mem-leaks :          0 KB
     with optimizations:
       average   :      26402 / +27.74% / 1.38*
         stdev   :         83 /   0.31%
         median  :      26362 /   0.09%
       min / max :      26340 / 26351 / 26362 / 26432 / 26623
       mem-leaks :          0 KB
