     without optimizations:
       average   :      30452
         stdev   :         40 /   0.13%
         median  :      30440 /   0.06%
       min / max :      30411 / 30429 / 30440 / 30459 / 30561
       mem-leaks :          0 KB
     with optimizations:
       average   :      20812 / +31.66% / 1.46*
         stdev   :         48 /   0.23%
         median  :      20793 /   0.17%
       min / max :      20766 / 20776 / 20793 / 20846 / 20930
       mem-leaks :          0 KB
