     without optimizations:
       average   :     235378
         stdev   :        272 /   0.12%
         median  :     235297 /   0.06%
       min / max :     235139 / 235199 / 235297 / 235395 / 236143
       mem-leaks :          0 KB
     with optimizations:
       average   :     146990 / +37.55% / 1.60*
         stdev   :        118 /   0.08%
         median  :     146970 /   0.06%
       min / max :     146837 / 146915 / 146970 / 147023 / 147327
       mem-leaks :          0 KB
