     without optimizations:
       average   :      13793
         stdev   :         20 /   0.14%
         median  :      13789 /   0.10%
       min / max :      13770 / 13779 / 13789 / 13798 / 13841
       mem-leaks :          0 KB
     with optimizations:
       average   :       7814 / +43.35% / 1.77*
         stdev   :         10 /   0.13%
         median  :       7810 /   0.11%
       min / max :       7802 / 7807 / 7810 / 7819 / 7840
       mem-leaks :          0 KB
