     without optimizations:
       average   :       1302
         stdev   :          1 /   0.06%
         median  :       1302 /   0.05%
       min / max :       1301 / 1301 / 1302 / 1303 / 1304
       mem-leaks :          0 KB
     with optimizations:
       average   :        537 / +58.72% / 2.42*
         stdev   :          0 /   0.05%
         median  :        538 /   0.04%
       min / max :        537 / 537 / 538 / 538 / 538
       mem-leaks :          0 KB
