     without optimizations:
       average   :      15471
         stdev   :         13 /   0.09%
         median  :      15469 /   0.10%
       min / max :      15450 / 15461 / 15469 / 15482 / 15498
       mem-leaks :          0 KB
     with optimizations:
       average   :       6979 / +54.89% / 2.22*
         stdev   :         14 /   0.20%
         median  :       6977 /   0.19%
       min / max :       6956 / 6970 / 6977 / 6987 / 7010
       mem-leaks :          0 KB
