     without optimizations:
       average   :      52770
         stdev   :         28 /   0.05%
         median  :      52763 /   0.06%
       min / max :      52732 / 52746 / 52763 / 52788 / 52823
       mem-leaks :          0 KB
     with optimizations:
       average   :      42727 / +19.03% / 1.24*
         stdev   :         68 /   0.16%
         median  :      42703 /   0.06%
       min / max :      42671 / 42694 / 42703 / 42740 / 42960
       mem-leaks :          0 KB
