     without optimizations:
       average   :     125039
         stdev   :         75 /   0.06%
         median  :     125029 /   0.06%
       min / max :     124932 / 124979 / 125029 / 125081 / 125214
       mem-leaks :          0 KB
     with optimizations:
       average   :      84373 / +32.52% / 1.48*
         stdev   :        119 /   0.14%
         median  :      84338 /   0.09%
       min / max :      84268 / 84299 / 84338 / 84397 / 84746
       mem-leaks :          0 KB
