     without optimizations:
       average   :       1295
         stdev   :          2 /   0.14%
         median  :       1294 /   0.02%
       min / max :       1294 / 1294 / 1294 / 1295 / 1299
       mem-leaks :          0 KB
     with optimizations:
       average   :       1309 / -1.08% / 0.99*
         stdev   :          1 /   0.09%
         median  :       1308 /   0.02%
       min / max :       1308 / 1308 / 1308 / 1309 / 1312
       mem-leaks :          0 KB
