     without optimizations:
       average   :      28799
         stdev   :         59 /   0.21%
         median  :      28781 /   0.08%
       min / max :      28748 / 28765 / 28781 / 28796 / 28975
       mem-leaks :          0 KB
     with optimizations:
       average   :      21312 / +26.00% / 1.35*
         stdev   :        129 /   0.60%
         median  :      21269 /   0.08%
       min / max :      21242 / 21259 / 21269 / 21284 / 21752
       mem-leaks :          0 KB
