     without optimizations:
       average   :      48210
         stdev   :        258 /   0.54%
         median  :      48163 /   0.36%
       min / max :      47857 / 48066 / 48163 / 48301 / 48966
       mem-leaks :          0 KB
     with optimizations:
       average   :      27235 / +43.51% / 1.77*
         stdev   :        177 /   0.65%
         median  :      27154 /   0.36%
       min / max :      27078 / 27099 / 27154 / 27360 / 27626
       mem-leaks :          0 KB
