     without optimizations:
       average   :      45767
         stdev   :        155 /   0.34%
         median  :      45743 /   0.16%
       min / max :      45467 / 45695 / 45743 / 45798 / 46159
       mem-leaks :          0 KB
     with optimizations:
       average   :      41145 / +10.10% / 1.11*
         stdev   :        168 /   0.41%
         median  :      41140 /   0.54%
       min / max :      40897 / 40995 / 41140 / 41291 / 41417
       mem-leaks :          0 KB
