     without optimizations:
       average   :      11294
         stdev   :         23 /   0.20%
         median  :      11286 /   0.04%
       min / max :      11282 / 11285 / 11286 / 11292 / 11368
       mem-leaks :          0 KB
     with optimizations:
       average   :       8740 / +22.62% / 1.29*
         stdev   :         11 /   0.12%
         median  :       8736 /   0.04%
       min / max :       8732 / 8734 / 8736 / 8739 / 8772
       mem-leaks :          0 KB
