     without optimizations:
       average   :    1440844
         stdev   :       1472 /   0.10%
         median  :    1440554 /   0.10%
       min / max :    1438518 / 1439770 / 1440554 / 1441790 / 1444003
       mem-leaks :          0 KB
     with optimizations:
       average   :    1038960 / +27.89% / 1.39*
         stdev   :       1392 /   0.13%
         median  :    1038392 /   0.07%
       min / max :    1037703 / 1038062 / 1038392 / 1039190 / 1042565
       mem-leaks :          0 KB
